// Jest Snapshot v1, https://goo.gl/fbAQLP

exports[`factsReducer tests with snapshot --- return correct state after GET_FACTS_FAILURE action 1`] = `
Object {
  "error": undefined,
  "facts": Array [],
  "loading": false,
  "request": 3,
}
`;

exports[`factsReducer tests with snapshot --- return correct state after GET_FACTS_REQUEST action 1`] = `
Object {
  "error": null,
  "facts": Array [],
  "loading": true,
  "request": 1,
}
`;

exports[`factsReducer tests with snapshot --- return correct state after GET_FACTS_SUCCESS action 1`] = `
Object {
  "error": null,
  "facts": undefined,
  "loading": false,
  "request": 2,
}
`;
